
> citizen-web@0.1.0 build D:\Workspace\Web_Workspace\JanDrishtiCGP\apps\citizen-web
> next build

▲ Next.js 16.3.4 (Turbopack)
✓ Running next.config.ts took 3.0s

  Creating an optimized production build ...
✓ Compiled successfully in 2.1s
  Running TypeScript ...
  Finished TypeScript in 1195ms ...
  Collecting page data using 12 workers ...
  Generating static pages using 12 workers (0/10) ...
  Generating static pages using 12 workers (2/10) 
  Generating static pages using 12 workers (4/10) 
  Generating static pages using 12 workers (7/10) 
✓ Generating static pages using 12 workers (10/10) in 445ms
  Finalizing page optimization ...

Route (app)
┌ ○ /
├ ○ /_not-found
├ ○ /profile
├ ○ /report
├ ○ /report/review
├ ○ /report/success
├ ○ /report/text
├ ○ /reports
└ ƒ /reports/[id]


○  (Static)   prerendered as static content
ƒ  (Dynamic)  server-rendered on demand

